
C:\Users\Devin\Documents\GitHub\twilio-csharp>REM @echo Off 

C:\Users\Devin\Documents\GitHub\twilio-csharp>REM set config= 

C:\Users\Devin\Documents\GitHub\twilio-csharp>REM if "Release" == "" ( 

C:\Users\Devin\Documents\GitHub\twilio-csharp>REM    set config=Release 

C:\Users\Devin\Documents\GitHub\twilio-csharp>REM ) 

C:\Users\Devin\Documents\GitHub\twilio-csharp>REM set version= 

C:\Users\Devin\Documents\GitHub\twilio-csharp>REM if not "" == "" ( 

C:\Users\Devin\Documents\GitHub\twilio-csharp>REM    set version=-Version  

C:\Users\Devin\Documents\GitHub\twilio-csharp>REM ) 

C:\Users\Devin\Documents\GitHub\twilio-csharp>C:\WINDOWS\Microsoft.NET\Framework\v4.0.30319\msbuild src\Twilio.2013.sln /p:Configuration=FX35 /t:Clean 
Microsoft (R) Build Engine version 4.0.30319.33440
[Microsoft .NET Framework, version 4.0.30319.34011]
Copyright (C) Microsoft Corporation. All rights reserved.

Building the projects in this solution one at a time. To enable parallel build, please add the "/m" switch.
Build started 5/29/2014 5:06:40 PM.
Project "C:\Users\Devin\Documents\GitHub\twilio-csharp\src\Twilio.2013.sln" on node 1 (Clean target(s)).
ValidateSolutionConfiguration:
  Building solution configuration "FX35|Mixed Platforms".
Project "C:\Users\Devin\Documents\GitHub\twilio-csharp\src\Twilio.2013.sln" (1) is building "C:\Users\Devin\Documents\GitHub\twilio-csharp\src\Twilio.Api.Pcl\Twilio.Api.Pcl.csproj" (2) on node 1 (Clean target(s)).
CoreClean:
  Deleting file "C:\Users\Devin\Documents\GitHub\twilio-csharp\src\Twilio.Api.Pcl\obj\FX35\Twilio.Api.Pcl.csproj.App.config".
  Deleting file "C:\Users\Devin\Documents\GitHub\twilio-csharp\src\Twilio.Api.Pcl\obj\FX35\Twilio.Api.Pcl.csprojResolveAssemblyReference.cache".
Done Building Project "C:\Users\Devin\Documents\GitHub\twilio-csharp\src\Twilio.Api.Pcl\Twilio.Api.Pcl.csproj" (Clean target(s)).
Project "C:\Users\Devin\Documents\GitHub\twilio-csharp\src\Twilio.2013.sln" (1) is building "C:\Users\Devin\Documents\GitHub\twilio-csharp\src\Twilio.Api.Tests.Performance\Twilio.Api.Tests.Performance.csproj" (3) on node 1 (Clean target(s)).
CoreClean:
  Deleting file "C:\Users\Devin\Documents\GitHub\twilio-csharp\src\Twilio.Api.Tests.Performance\bin\ReleaseFX35\Twilio.Api.Tests.Performance.exe.config".
  Deleting file "C:\Users\Devin\Documents\GitHub\twilio-csharp\src\Twilio.Api.Tests.Performance\bin\ReleaseFX35\Twilio.Api.Tests.Performance.exe".
  Deleting file "C:\Users\Devin\Documents\GitHub\twilio-csharp\src\Twilio.Api.Tests.Performance\bin\ReleaseFX35\Twilio.Api.Tests.Performance.pdb".
  Deleting file "C:\Users\Devin\Documents\GitHub\twilio-csharp\src\Twilio.Api.Tests.Performance\bin\ReleaseFX35\Twilio.Api.dll".
  Deleting file "C:\Users\Devin\Documents\GitHub\twilio-csharp\src\Twilio.Api.Tests.Performance\bin\ReleaseFX35\Twilio.Api.pdb".
  Deleting file "C:\Users\Devin\Documents\GitHub\twilio-csharp\src\Twilio.Api.Tests.Performance\bin\ReleaseFX35\Twilio.Api.xml".
  Deleting file "C:\Users\Devin\Documents\GitHub\twilio-csharp\src\Twilio.Api.Tests.Performance\obj\FX35\Twilio.Api.Tests.Performance.csprojResolveAssemblyReference.cache".
  Deleting file "C:\Users\Devin\Documents\GitHub\twilio-csharp\src\Twilio.Api.Tests.Performance\obj\FX35\Twilio.Api.Tests.Performance.exe".
  Deleting file "C:\Users\Devin\Documents\GitHub\twilio-csharp\src\Twilio.Api.Tests.Performance\obj\FX35\Twilio.Api.Tests.Performance.pdb".
Project "C:\Users\Devin\Documents\GitHub\twilio-csharp\src\Twilio.Api.Tests.Performance\Twilio.Api.Tests.Performance.csproj" (3) is building "C:\Users\Devin\Documents\GitHub\twilio-csharp\src\Twilio.Api.Net35\Twilio.Api.Net35.csproj" (4) on node 1 (Clean target(s)).
CoreClean:
  Deleting file "C:\Users\Devin\Documents\GitHub\twilio-csharp\src\Twilio.Api.Net35\bin\FX35\Twilio.Api.dll".
  Deleting file "C:\Users\Devin\Documents\GitHub\twilio-csharp\src\Twilio.Api.Net35\bin\FX35\Twilio.Api.pdb".
  Deleting file "C:\Users\Devin\Documents\GitHub\twilio-csharp\src\Twilio.Api.Net35\bin\FX35\Twilio.Api.xml".
  Deleting file "C:\Users\Devin\Documents\GitHub\twilio-csharp\src\Twilio.Api.Net35\obj\FX35\Twilio.Api.dll".
  Deleting file "C:\Users\Devin\Documents\GitHub\twilio-csharp\src\Twilio.Api.Net35\obj\FX35\Twilio.Api.pdb".
  Deleting file "C:\Users\Devin\Documents\GitHub\twilio-csharp\src\Twilio.Api.Net35\obj\FX35\Twilio.Api.Net35.csprojResolveAssemblyReference.cache".
Done Building Project "C:\Users\Devin\Documents\GitHub\twilio-csharp\src\Twilio.Api.Net35\Twilio.Api.Net35.csproj" (Clean target(s)).
Done Building Project "C:\Users\Devin\Documents\GitHub\twilio-csharp\src\Twilio.Api.Tests.Performance\Twilio.Api.Tests.Performance.csproj" (Clean target(s)).
Project "C:\Users\Devin\Documents\GitHub\twilio-csharp\src\Twilio.2013.sln" (1) is building "C:\Users\Devin\Documents\GitHub\twilio-csharp\src\SimpleRestClient.Tests\SimpleRestClient.Tests.csproj" (5) on node 1 (Clean target(s)).
CoreClean:
  Deleting file "C:\Users\Devin\Documents\GitHub\twilio-csharp\src\SimpleRestClient.Tests\bin\FX35\Resources\Data\4sq.txt".
  Deleting file "C:\Users\Devin\Documents\GitHub\twilio-csharp\src\SimpleRestClient.Tests\bin\FX35\Resources\Data\boolean_from_number.xml".
  Deleting file "C:\Users\Devin\Documents\GitHub\twilio-csharp\src\SimpleRestClient.Tests\bin\FX35\Resources\Data\boolean_from_string.xml".
  Deleting file "C:\Users\Devin\Documents\GitHub\twilio-csharp\src\SimpleRestClient.Tests\bin\FX35\Resources\Data\datetimes.txt".
  Deleting file "C:\Users\Devin\Documents\GitHub\twilio-csharp\src\SimpleRestClient.Tests\bin\FX35\Resources\Data\directlists.xml".
  Deleting file "C:\Users\Devin\Documents\GitHub\twilio-csharp\src\SimpleRestClient.Tests\bin\FX35\Resources\Data\eventful.xml".
  Deleting file "C:\Users\Devin\Documents\GitHub\twilio-csharp\src\SimpleRestClient.Tests\bin\FX35\Resources\Data\GenericWithList.txt".
  Deleting file "C:\Users\Devin\Documents\GitHub\twilio-csharp\src\SimpleRestClient.Tests\bin\FX35\Resources\Data\GoogleWeather.xml".
  Deleting file "C:\Users\Devin\Documents\GitHub\twilio-csharp\src\SimpleRestClient.Tests\bin\FX35\Resources\Data\InlineListSample.xml".
  Deleting file "C:\Users\Devin\Documents\GitHub\twilio-csharp\src\SimpleRestClient.Tests\bin\FX35\Resources\Data\iso8601datetimes.txt".
  Deleting file "C:\Users\Devin\Documents\GitHub\twilio-csharp\src\SimpleRestClient.Tests\bin\FX35\Resources\Data\jsonarray.txt".
  Deleting file "C:\Users\Devin\Documents\GitHub\twilio-csharp\src\SimpleRestClient.Tests\bin\FX35\Resources\Data\jsondictionary.txt".
  Deleting file "C:\Users\Devin\Documents\GitHub\twilio-csharp\src\SimpleRestClient.Tests\bin\FX35\Resources\Data\jsonenums.txt".
  Deleting file "C:\Users\Devin\Documents\GitHub\twilio-csharp\src\SimpleRestClient.Tests\bin\FX35\Resources\Data\jsonenumtypes.txt".
  Deleting file "C:\Users\Devin\Documents\GitHub\twilio-csharp\src\SimpleRestClient.Tests\bin\FX35\Resources\Data\jsonlists.txt".
  Deleting file "C:\Users\Devin\Documents\GitHub\twilio-csharp\src\SimpleRestClient.Tests\bin\FX35\Resources\Data\Lastfm.xml".
  Deleting file "C:\Users\Devin\Documents\GitHub\twilio-csharp\src\SimpleRestClient.Tests\bin\FX35\Resources\Data\ListWithAttributes.xml".
  Deleting file "C:\Users\Devin\Documents\GitHub\twilio-csharp\src\SimpleRestClient.Tests\bin\FX35\Resources\Data\NestedListSample.xml".
  Deleting file "C:\Users\Devin\Documents\GitHub\twilio-csharp\src\SimpleRestClient.Tests\bin\FX35\Resources\Data\objectproperty.txt".
  Deleting file "C:\Users\Devin\Documents\GitHub\twilio-csharp\src\SimpleRestClient.Tests\bin\FX35\Resources\Data\person.json.txt".
  Deleting file "C:\Users\Devin\Documents\GitHub\twilio-csharp\src\SimpleRestClient.Tests\bin\FX35\Resources\Data\sojson.txt".
  Deleting file "C:\Users\Devin\Documents\GitHub\twilio-csharp\src\SimpleRestClient.Tests\bin\FX35\Resources\Data\timespans.txt".
  Deleting file "C:\Users\Devin\Documents\GitHub\twilio-csharp\src\SimpleRestClient.Tests\bin\FX35\Resources\Data\underscore_prefix.txt".
  Deleting file "C:\Users\Devin\Documents\GitHub\twilio-csharp\src\SimpleRestClient.Tests\bin\FX35\Resources\Data\xmllists.xml".
  Deleting file "C:\Users\Devin\Documents\GitHub\twilio-csharp\src\SimpleRestClient.Tests\bin\FX35\SimpleRestClient.Tests.dll".
  Deleting file "C:\Users\Devin\Documents\GitHub\twilio-csharp\src\SimpleRestClient.Tests\bin\FX35\SimpleRestClient.Tests.pdb".
  Deleting file "C:\Users\Devin\Documents\GitHub\twilio-csharp\src\SimpleRestClient.Tests\bin\FX35\SimpleRestClient.dll".
  Deleting file "C:\Users\Devin\Documents\GitHub\twilio-csharp\src\SimpleRestClient.Tests\bin\FX35\SimpleRestClient.pdb".
  Deleting file "C:\Users\Devin\Documents\GitHub\twilio-csharp\src\SimpleRestClient.Tests\obj\FX35\SimpleRestClient.Tests.csprojResolveAssemblyReference.cache".
  Deleting file "C:\Users\Devin\Documents\GitHub\twilio-csharp\src\SimpleRestClient.Tests\obj\FX35\SimpleRestClient.Tests.dll".
  Deleting file "C:\Users\Devin\Documents\GitHub\twilio-csharp\src\SimpleRestClient.Tests\obj\FX35\SimpleRestClient.Tests.pdb".
Project "C:\Users\Devin\Documents\GitHub\twilio-csharp\src\SimpleRestClient.Tests\SimpleRestClient.Tests.csproj" (5) is building "C:\Users\Devin\Documents\GitHub\twilio-csharp\src\SimpleRestClient\SimpleRestClient.csproj" (6) on node 1 (Clean target(s)).
CoreClean:
  Deleting file "C:\Users\Devin\Documents\GitHub\twilio-csharp\src\SimpleRestClient\bin\FX35\SimpleRestClient.dll.config".
  Deleting file "C:\Users\Devin\Documents\GitHub\twilio-csharp\src\SimpleRestClient\bin\FX35\SimpleRestClient.dll".
  Deleting file "C:\Users\Devin\Documents\GitHub\twilio-csharp\src\SimpleRestClient\bin\FX35\SimpleRestClient.pdb".
  Deleting file "C:\Users\Devin\Documents\GitHub\twilio-csharp\src\SimpleRestClient\obj\FX35\SimpleRestClient.dll".
  Deleting file "C:\Users\Devin\Documents\GitHub\twilio-csharp\src\SimpleRestClient\obj\FX35\SimpleRestClient.pdb".
  Deleting file "C:\Users\Devin\Documents\GitHub\twilio-csharp\src\SimpleRestClient\obj\FX35\SimpleRestClient.csprojResolveAssemblyReference.cache".
Done Building Project "C:\Users\Devin\Documents\GitHub\twilio-csharp\src\SimpleRestClient\SimpleRestClient.csproj" (Clean target(s)).
Done Building Project "C:\Users\Devin\Documents\GitHub\twilio-csharp\src\SimpleRestClient.Tests\SimpleRestClient.Tests.csproj" (Clean target(s)).
Done Building Project "C:\Users\Devin\Documents\GitHub\twilio-csharp\src\Twilio.2013.sln" (Clean target(s)).

Build succeeded.
    0 Warning(s)
    0 Error(s)

Time Elapsed 00:00:00.85

C:\Users\Devin\Documents\GitHub\twilio-csharp>C:\WINDOWS\Microsoft.NET\Framework\v4.0.30319\msbuild src\Twilio.2013.sln /p:Configuration=PCL /t:Clean 
Microsoft (R) Build Engine version 4.0.30319.33440
[Microsoft .NET Framework, version 4.0.30319.34011]
Copyright (C) Microsoft Corporation. All rights reserved.

Building the projects in this solution one at a time. To enable parallel build, please add the "/m" switch.
Build started 5/29/2014 5:06:41 PM.
Project "C:\Users\Devin\Documents\GitHub\twilio-csharp\src\Twilio.2013.sln" on node 1 (Clean target(s)).
ValidateSolutionConfiguration:
  Building solution configuration "PCL|Mixed Platforms".
Project "C:\Users\Devin\Documents\GitHub\twilio-csharp\src\Twilio.2013.sln" (1) is building "C:\Users\Devin\Documents\GitHub\twilio-csharp\src\Twilio.Api.Pcl\Twilio.Api.Pcl.csproj" (2) on node 1 (Clean target(s)).
CoreClean:
  Deleting file "C:\Users\Devin\Documents\GitHub\twilio-csharp\src\Twilio.Api.Pcl\bin\PCL\Twilio.Api.Pcl.dll.config".
  Deleting file "C:\Users\Devin\Documents\GitHub\twilio-csharp\src\Twilio.Api.Pcl\bin\PCL\Twilio.Api.Pcl.dll".
  Deleting file "C:\Users\Devin\Documents\GitHub\twilio-csharp\src\Twilio.Api.Pcl\bin\PCL\Twilio.Api.Pcl.pdb".
  Deleting file "C:\Users\Devin\Documents\GitHub\twilio-csharp\src\Twilio.Api.Pcl\bin\PCL\Microsoft.Threading.Tasks.dll".
  Deleting file "C:\Users\Devin\Documents\GitHub\twilio-csharp\src\Twilio.Api.Pcl\bin\PCL\Microsoft.Threading.Tasks.Extensions.dll".
  Deleting file "C:\Users\Devin\Documents\GitHub\twilio-csharp\src\Twilio.Api.Pcl\bin\PCL\System.IO.dll".
  Deleting file "C:\Users\Devin\Documents\GitHub\twilio-csharp\src\Twilio.Api.Pcl\bin\PCL\System.Net.Http.dll".
  Deleting file "C:\Users\Devin\Documents\GitHub\twilio-csharp\src\Twilio.Api.Pcl\bin\PCL\System.Net.Http.Extensions.dll".
  Deleting file "C:\Users\Devin\Documents\GitHub\twilio-csharp\src\Twilio.Api.Pcl\bin\PCL\System.Net.Http.Primitives.dll".
  Deleting file "C:\Users\Devin\Documents\GitHub\twilio-csharp\src\Twilio.Api.Pcl\bin\PCL\System.Runtime.dll".
  Deleting file "C:\Users\Devin\Documents\GitHub\twilio-csharp\src\Twilio.Api.Pcl\bin\PCL\System.Threading.Tasks.dll".
  Deleting file "C:\Users\Devin\Documents\GitHub\twilio-csharp\src\Twilio.Api.Pcl\bin\PCL\Microsoft.Threading.Tasks.xml".
  Deleting file "C:\Users\Devin\Documents\GitHub\twilio-csharp\src\Twilio.Api.Pcl\bin\PCL\Microsoft.Threading.Tasks.Extensions.xml".
  Deleting file "C:\Users\Devin\Documents\GitHub\twilio-csharp\src\Twilio.Api.Pcl\bin\PCL\System.IO.xml".
  Deleting file "C:\Users\Devin\Documents\GitHub\twilio-csharp\src\Twilio.Api.Pcl\bin\PCL\System.Net.Http.xml".
  Deleting file "C:\Users\Devin\Documents\GitHub\twilio-csharp\src\Twilio.Api.Pcl\bin\PCL\System.Net.Http.Extensions.xml".
  Deleting file "C:\Users\Devin\Documents\GitHub\twilio-csharp\src\Twilio.Api.Pcl\bin\PCL\System.Net.Http.Primitives.xml".
  Deleting file "C:\Users\Devin\Documents\GitHub\twilio-csharp\src\Twilio.Api.Pcl\bin\PCL\System.Runtime.xml".
  Deleting file "C:\Users\Devin\Documents\GitHub\twilio-csharp\src\Twilio.Api.Pcl\bin\PCL\System.Threading.Tasks.xml".
  Deleting file "C:\Users\Devin\Documents\GitHub\twilio-csharp\src\Twilio.Api.Pcl\obj\PCL\Twilio.Api.Pcl.csproj.App.config".
  Deleting file "C:\Users\Devin\Documents\GitHub\twilio-csharp\src\Twilio.Api.Pcl\obj\PCL\Twilio.Api.Pcl.dll".
  Deleting file "C:\Users\Devin\Documents\GitHub\twilio-csharp\src\Twilio.Api.Pcl\obj\PCL\Twilio.Api.Pcl.pdb".
  Deleting file "C:\Users\Devin\Documents\GitHub\twilio-csharp\src\Twilio.Api.Pcl\obj\PCL\Twilio.Api.Pcl.csprojResolveAssemblyReference.cache".
Done Building Project "C:\Users\Devin\Documents\GitHub\twilio-csharp\src\Twilio.Api.Pcl\Twilio.Api.Pcl.csproj" (Clean target(s)).
Project "C:\Users\Devin\Documents\GitHub\twilio-csharp\src\Twilio.2013.sln" (1) is building "C:\Users\Devin\Documents\GitHub\twilio-csharp\src\Twilio.Api.Tests.Performance\Twilio.Api.Tests.Performance.csproj" (3) on node 1 (Clean target(s)).
CoreClean:
  Deleting file "C:\Users\Devin\Documents\GitHub\twilio-csharp\src\Twilio.Api.Tests.Performance\bin\ReleasePCL\Twilio.Api.Tests.Performance.exe.config".
Project "C:\Users\Devin\Documents\GitHub\twilio-csharp\src\Twilio.Api.Tests.Performance\Twilio.Api.Tests.Performance.csproj" (3) is building "C:\Users\Devin\Documents\GitHub\twilio-csharp\src\Twilio.Api.Net35\Twilio.Api.Net35.csproj" (4) on node 1 (Clean target(s)).
CoreClean:
  Deleting file "C:\Users\Devin\Documents\GitHub\twilio-csharp\src\Twilio.Api.Net35\obj\PCL\Twilio.Api.Net35.csprojResolveAssemblyReference.cache".
Done Building Project "C:\Users\Devin\Documents\GitHub\twilio-csharp\src\Twilio.Api.Net35\Twilio.Api.Net35.csproj" (Clean target(s)).
Done Building Project "C:\Users\Devin\Documents\GitHub\twilio-csharp\src\Twilio.Api.Tests.Performance\Twilio.Api.Tests.Performance.csproj" (Clean target(s)).
Project "C:\Users\Devin\Documents\GitHub\twilio-csharp\src\Twilio.2013.sln" (1) is building "C:\Users\Devin\Documents\GitHub\twilio-csharp\src\SimpleRestClient.Tests\SimpleRestClient.Tests.csproj" (5) on node 1 (Clean target(s)).
CoreClean:
  Deleting file "C:\Users\Devin\Documents\GitHub\twilio-csharp\src\SimpleRestClient.Tests\obj\PCL\SimpleRestClient.Tests.csprojResolveAssemblyReference.cache".
Project "C:\Users\Devin\Documents\GitHub\twilio-csharp\src\SimpleRestClient.Tests\SimpleRestClient.Tests.csproj" (5) is building "C:\Users\Devin\Documents\GitHub\twilio-csharp\src\SimpleRestClient\SimpleRestClient.csproj" (6) on node 1 (Clean target(s)).
CoreClean:
  Deleting file "C:\Users\Devin\Documents\GitHub\twilio-csharp\src\SimpleRestClient\bin\PCL\SimpleRestClient.dll.config".
  Deleting file "C:\Users\Devin\Documents\GitHub\twilio-csharp\src\SimpleRestClient\bin\PCL\SimpleRestClient.dll".
  Deleting file "C:\Users\Devin\Documents\GitHub\twilio-csharp\src\SimpleRestClient\bin\PCL\SimpleRestClient.pdb".
  Deleting file "C:\Users\Devin\Documents\GitHub\twilio-csharp\src\SimpleRestClient\bin\PCL\Microsoft.Threading.Tasks.dll".
  Deleting file "C:\Users\Devin\Documents\GitHub\twilio-csharp\src\SimpleRestClient\bin\PCL\Microsoft.Threading.Tasks.Extensions.Desktop.dll".
  Deleting file "C:\Users\Devin\Documents\GitHub\twilio-csharp\src\SimpleRestClient\bin\PCL\Microsoft.Threading.Tasks.Extensions.dll".
  Deleting file "C:\Users\Devin\Documents\GitHub\twilio-csharp\src\SimpleRestClient\bin\PCL\System.IO.dll".
  Deleting file "C:\Users\Devin\Documents\GitHub\twilio-csharp\src\SimpleRestClient\bin\PCL\System.Net.Http.dll".
  Deleting file "C:\Users\Devin\Documents\GitHub\twilio-csharp\src\SimpleRestClient\bin\PCL\System.Net.Http.Extensions.dll".
  Deleting file "C:\Users\Devin\Documents\GitHub\twilio-csharp\src\SimpleRestClient\bin\PCL\System.Net.Http.Primitives.dll".
  Deleting file "C:\Users\Devin\Documents\GitHub\twilio-csharp\src\SimpleRestClient\bin\PCL\System.Net.Http.WebRequest.dll".
  Deleting file "C:\Users\Devin\Documents\GitHub\twilio-csharp\src\SimpleRestClient\bin\PCL\System.Runtime.dll".
  Deleting file "C:\Users\Devin\Documents\GitHub\twilio-csharp\src\SimpleRestClient\bin\PCL\System.Threading.Tasks.dll".
  Deleting file "C:\Users\Devin\Documents\GitHub\twilio-csharp\src\SimpleRestClient\bin\PCL\Microsoft.Threading.Tasks.xml".
  Deleting file "C:\Users\Devin\Documents\GitHub\twilio-csharp\src\SimpleRestClient\bin\PCL\Microsoft.Threading.Tasks.Extensions.xml".
  Deleting file "C:\Users\Devin\Documents\GitHub\twilio-csharp\src\SimpleRestClient\bin\PCL\Microsoft.Threading.Tasks.Extensions.Desktop.xml".
  Deleting file "C:\Users\Devin\Documents\GitHub\twilio-csharp\src\SimpleRestClient\bin\PCL\System.IO.xml".
  Deleting file "C:\Users\Devin\Documents\GitHub\twilio-csharp\src\SimpleRestClient\bin\PCL\System.Net.Http.xml".
  Deleting file "C:\Users\Devin\Documents\GitHub\twilio-csharp\src\SimpleRestClient\bin\PCL\System.Net.Http.Extensions.xml".
  Deleting file "C:\Users\Devin\Documents\GitHub\twilio-csharp\src\SimpleRestClient\bin\PCL\System.Net.Http.Primitives.xml".
  Deleting file "C:\Users\Devin\Documents\GitHub\twilio-csharp\src\SimpleRestClient\bin\PCL\System.Net.Http.WebRequest.xml".
  Deleting file "C:\Users\Devin\Documents\GitHub\twilio-csharp\src\SimpleRestClient\bin\PCL\System.Runtime.xml".
  Deleting file "C:\Users\Devin\Documents\GitHub\twilio-csharp\src\SimpleRestClient\bin\PCL\System.Threading.Tasks.xml".
  Deleting file "C:\Users\Devin\Documents\GitHub\twilio-csharp\src\SimpleRestClient\obj\PCL\SimpleRestClient.csproj.App.config".
  Deleting file "C:\Users\Devin\Documents\GitHub\twilio-csharp\src\SimpleRestClient\obj\PCL\SimpleRestClient.dll".
  Deleting file "C:\Users\Devin\Documents\GitHub\twilio-csharp\src\SimpleRestClient\obj\PCL\SimpleRestClient.pdb".
  Deleting file "C:\Users\Devin\Documents\GitHub\twilio-csharp\src\SimpleRestClient\obj\PCL\SimpleRestClient.csprojResolveAssemblyReference.cache".
Done Building Project "C:\Users\Devin\Documents\GitHub\twilio-csharp\src\SimpleRestClient\SimpleRestClient.csproj" (Clean target(s)).
Done Building Project "C:\Users\Devin\Documents\GitHub\twilio-csharp\src\SimpleRestClient.Tests\SimpleRestClient.Tests.csproj" (Clean target(s)).
Done Building Project "C:\Users\Devin\Documents\GitHub\twilio-csharp\src\Twilio.2013.sln" (Clean target(s)).

Build succeeded.
    0 Warning(s)
    0 Error(s)

Time Elapsed 00:00:01.07

C:\Users\Devin\Documents\GitHub\twilio-csharp>REM Build 

C:\Users\Devin\Documents\GitHub\twilio-csharp>C:\WINDOWS\Microsoft.NET\Framework\v4.0.30319\msbuild src\Twilio.2013.sln /p:Configuration=FX35 /p:Platform="Any CPU" /m /v:M /fl /flp:LogFile=msbuild.log;Verbosity=Normal /nr:true /p:BuildInParallel=true /p:RestorePackages=true /t:Rebuild 
Microsoft (R) Build Engine version 4.0.30319.33440
[Microsoft .NET Framework, version 4.0.30319.34011]
Copyright (C) Microsoft Corporation. All rights reserved.

  All packages listed in packages.config are already installed.
  SimpleRestClient -> C:\Users\Devin\Documents\GitHub\twilio-csharp\src\SimpleRestClient\bin\FX35\SimpleRestClient.dll
c:\Users\Devin\Documents\GitHub\twilio-csharp\src\SimpleRestClient\HttpWebRequestWrapper.cs(11,18): warning CS1591: Missing XML comment for publicly visible type or member 'Simple.HttpWebRequestWrapper' [C:\Users\Devin\Documents\GitHub\twilio-csharp\src\Twilio.Api.Net35\Twilio.Api.Net35.csproj]
c:\Users\Devin\Documents\GitHub\twilio-csharp\src\SimpleRestClient\HttpWebRequestWrapper.cs(13,29): warning CS1591: Missing XML comment for publicly visible type or member 'Simple.HttpWebRequestWrapper.ParseWebException(System.Net.WebException)' [C:\Users\Devin\Documents\GitHub\twilio-csharp\src\Twilio.Api.Net35\Twilio.Api.Net35.csproj]
c:\Users\Devin\Documents\GitHub\twilio-csharp\src\SimpleRestClient\HttpWebRequestWrapper.cs(18,29): warning CS1591: Missing XML comment for publicly visible type or member 'Simple.HttpWebRequestWrapper.ParseWebException(System.Net.WebException, Simple.TimeOutState)' [C:\Users\Devin\Documents\GitHub\twilio-csharp\src\Twilio.Api.Net35\Twilio.Api.Net35.csproj]
c:\Users\Devin\Documents\GitHub\twilio-csharp\src\SimpleRestClient\HttpWebRequestWrapper.cs(50,29): warning CS1591: Missing XML comment for publicly visible type or member 'Simple.HttpWebRequestWrapper.ExtractResponse(System.Net.HttpWebResponse)' [C:\Users\Devin\Documents\GitHub\twilio-csharp\src\Twilio.Api.Net35\Twilio.Api.Net35.csproj]
c:\Users\Devin\Documents\GitHub\twilio-csharp\src\SimpleRestClient\HttpWebRequestWrapper.cs(67,31): warning CS1591: Missing XML comment for publicly visible type or member 'Simple.HttpWebRequestWrapper.HttpWebRequestFactory(System.Uri)' [C:\Users\Devin\Documents\GitHub\twilio-csharp\src\Twilio.Api.Net35\Twilio.Api.Net35.csproj]
c:\Users\Devin\Documents\GitHub\twilio-csharp\src\SimpleRestClient\HttpWebRequestWrapper.cs(77,31): warning CS1591: Missing XML comment for publicly visible type or member 'Simple.HttpWebRequestWrapper.ConfigureRequest(Simple.RestClient, Simple.RestRequest)' [C:\Users\Devin\Documents\GitHub\twilio-csharp\src\Twilio.Api.Net35\Twilio.Api.Net35.csproj]
c:\Users\Devin\Documents\GitHub\twilio-csharp\src\SimpleRestClient\RestClient.cs(51,38): warning CS1591: Missing XML comment for publicly visible type or member 'Simple.RestClient.WebRequest' [C:\Users\Devin\Documents\GitHub\twilio-csharp\src\Twilio.Api.Net35\Twilio.Api.Net35.csproj]
c:\Users\Devin\Documents\GitHub\twilio-csharp\src\SimpleRestClient\JsonDeserializer\JsonDeserializer.cs(14,23): warning CS1591: Missing XML comment for publicly visible type or member 'Simple.JsonDeserializer.RootElement' [C:\Users\Devin\Documents\GitHub\twilio-csharp\src\Twilio.Api.Net35\Twilio.Api.Net35.csproj]
c:\Users\Devin\Documents\GitHub\twilio-csharp\src\SimpleRestClient\JsonDeserializer\SimpleJson.cs(558,30): warning CS1591: Missing XML comment for publicly visible type or member 'Simple.SimpleJson.DeserializeObject(string, System.Type, Simple.IJsonSerializerStrategy)' [C:\Users\Devin\Documents\GitHub\twilio-csharp\src\Twilio.Api.Net35\Twilio.Api.Net35.csproj]
c:\Users\Devin\Documents\GitHub\twilio-csharp\src\SimpleRestClient\JsonDeserializer\SimpleJson.cs(566,30): warning CS1591: Missing XML comment for publicly visible type or member 'Simple.SimpleJson.DeserializeObject(string, System.Type)' [C:\Users\Devin\Documents\GitHub\twilio-csharp\src\Twilio.Api.Net35\Twilio.Api.Net35.csproj]
c:\Users\Devin\Documents\GitHub\twilio-csharp\src\SimpleRestClient\JsonDeserializer\SimpleJson.cs(571,25): warning CS1591: Missing XML comment for publicly visible type or member 'Simple.SimpleJson.DeserializeObject<T>(string, Simple.IJsonSerializerStrategy)' [C:\Users\Devin\Documents\GitHub\twilio-csharp\src\Twilio.Api.Net35\Twilio.Api.Net35.csproj]
c:\Users\Devin\Documents\GitHub\twilio-csharp\src\SimpleRestClient\JsonDeserializer\SimpleJson.cs(576,25): warning CS1591: Missing XML comment for publicly visible type or member 'Simple.SimpleJson.DeserializeObject<T>(string)' [C:\Users\Devin\Documents\GitHub\twilio-csharp\src\Twilio.Api.Net35\Twilio.Api.Net35.csproj]
c:\Users\Devin\Documents\GitHub\twilio-csharp\src\SimpleRestClient\JsonDeserializer\SimpleJson.cs(594,30): warning CS1591: Missing XML comment for publicly visible type or member 'Simple.SimpleJson.SerializeObject(object)' [C:\Users\Devin\Documents\GitHub\twilio-csharp\src\Twilio.Api.Net35\Twilio.Api.Net35.csproj]
c:\Users\Devin\Documents\GitHub\twilio-csharp\src\SimpleRestClient\JsonDeserializer\SimpleJson.cs(599,30): warning CS1591: Missing XML comment for publicly visible type or member 'Simple.SimpleJson.EscapeToJavascriptString(string)' [C:\Users\Devin\Documents\GitHub\twilio-csharp\src\Twilio.Api.Net35\Twilio.Api.Net35.csproj]
c:\Users\Devin\Documents\GitHub\twilio-csharp\src\SimpleRestClient\JsonDeserializer\SimpleJson.cs(1144,47): warning CS1591: Missing XML comment for publicly visible type or member 'Simple.SimpleJson.CurrentJsonSerializerStrategy' [C:\Users\Devin\Documents\GitHub\twilio-csharp\src\Twilio.Api.Net35\Twilio.Api.Net35.csproj]
c:\Users\Devin\Documents\GitHub\twilio-csharp\src\SimpleRestClient\JsonDeserializer\SimpleJson.cs(1165,50): warning CS1591: Missing XML comment for publicly visible type or member 'Simple.SimpleJson.PocoJsonSerializerStrategy' [C:\Users\Devin\Documents\GitHub\twilio-csharp\src\Twilio.Api.Net35\Twilio.Api.Net35.csproj]
ResponseTests.cs(53,22): warning CS0659: 'SimpleRestClient.Tests.ResponseTests.User' overrides Object.Equals(object o) but does not override Object.GetHashCode() [C:\Users\Devin\Documents\GitHub\twilio-csharp\src\SimpleRestClient.Tests\SimpleRestClient.Tests.csproj]
  SimpleRestClient.Tests -> C:\Users\Devin\Documents\GitHub\twilio-csharp\src\SimpleRestClient.Tests\bin\FX35\SimpleRestClient.Tests.dll
c:\Users\Devin\Documents\GitHub\twilio-csharp\src\SimpleRestClient\JsonDeserializer\SimpleJson.cs(1194,12): warning CS1591: Missing XML comment for publicly visible type or member 'Simple.IJsonSerializerStrategy' [C:\Users\Devin\Documents\GitHub\twilio-csharp\src\Twilio.Api.Net35\Twilio.Api.Net35.csproj]
c:\Users\Devin\Documents\GitHub\twilio-csharp\src\SimpleRestClient\JsonDeserializer\SimpleJson.cs(1197,14): warning CS1591: Missing XML comment for publicly visible type or member 'Simple.IJsonSerializerStrategy.TrySerializeNonPrimitiveObject(object, out object)' [C:\Users\Devin\Documents\GitHub\twilio-csharp\src\Twilio.Api.Net35\Twilio.Api.Net35.csproj]
c:\Users\Devin\Documents\GitHub\twilio-csharp\src\SimpleRestClient\JsonDeserializer\SimpleJson.cs(1198,16): warning CS1591: Missing XML comment for publicly visible type or member 'Simple.IJsonSerializerStrategy.DeserializeObject(object, System.Type)' [C:\Users\Devin\Documents\GitHub\twilio-csharp\src\Twilio.Api.Net35\Twilio.Api.Net35.csproj]
c:\Users\Devin\Documents\GitHub\twilio-csharp\src\SimpleRestClient\JsonDeserializer\SimpleJson.cs(1207,8): warning CS1591: Missing XML comment for publicly visible type or member 'Simple.PocoJsonSerializerStrategy' [C:\Users\Devin\Documents\GitHub\twilio-csharp\src\Twilio.Api.Net35\Twilio.Api.Net35.csproj]
c:\Users\Devin\Documents\GitHub\twilio-csharp\src\SimpleRestClient\JsonDeserializer\SimpleJson.cs(1223,16): warning CS1591: Missing XML comment for publicly visible type or member 'Simple.PocoJsonSerializerStrategy.PocoJsonSerializerStrategy()' [C:\Users\Devin\Documents\GitHub\twilio-csharp\src\Twilio.Api.Net35\Twilio.Api.Net35.csproj]
c:\Users\Devin\Documents\GitHub\twilio-csharp\src\SimpleRestClient\JsonDeserializer\SimpleJson.cs(1230,34): warning CS1591: Missing XML comment for publicly visible type or member 'Simple.PocoJsonSerializerStrategy.MapClrMemberNameToJsonFieldName(string)' [C:\Users\Devin\Documents\GitHub\twilio-csharp\src\Twilio.Api.Net35\Twilio.Api.Net35.csproj]
c:\Users\Devin\Documents\GitHub\twilio-csharp\src\SimpleRestClient\JsonDeserializer\SimpleJson.cs(1284,29): warning CS1591: Missing XML comment for publicly visible type or member 'Simple.PocoJsonSerializerStrategy.TrySerializeNonPrimitiveObject(object, out object)' [C:\Users\Devin\Documents\GitHub\twilio-csharp\src\Twilio.Api.Net35\Twilio.Api.Net35.csproj]
c:\Users\Devin\Documents\GitHub\twilio-csharp\src\SimpleRestClient\JsonDeserializer\SimpleJson.cs(1290,31): warning CS1591: Missing XML comment for publicly visible type or member 'Simple.PocoJsonSerializerStrategy.DeserializeObject(object, System.Type)' [C:\Users\Devin\Documents\GitHub\twilio-csharp\src\Twilio.Api.Net35\Twilio.Api.Net35.csproj]
c:\Users\Devin\Documents\GitHub\twilio-csharp\src\SimpleRestClient\JsonDeserializer\SimpleJson.cs(1416,34): warning CS1591: Missing XML comment for publicly visible type or member 'Simple.PocoJsonSerializerStrategy.SerializeEnum(System.Enum)' [C:\Users\Devin\Documents\GitHub\twilio-csharp\src\Twilio.Api.Net35\Twilio.Api.Net35.csproj]
c:\Users\Devin\Documents\GitHub\twilio-csharp\src\SimpleRestClient\JsonDeserializer\SimpleJson.cs(1422,32): warning CS1591: Missing XML comment for publicly visible type or member 'Simple.PocoJsonSerializerStrategy.TrySerializeKnownTypes(object, out object)' [C:\Users\Devin\Documents\GitHub\twilio-csharp\src\Twilio.Api.Net35\Twilio.Api.Net35.csproj]
c:\Users\Devin\Documents\GitHub\twilio-csharp\src\SimpleRestClient\JsonDeserializer\SimpleJson.cs(1447,32): warning CS1591: Missing XML comment for publicly visible type or member 'Simple.PocoJsonSerializerStrategy.TrySerializeUnknownTypes(object, out object)' [C:\Users\Devin\Documents\GitHub\twilio-csharp\src\Twilio.Api.Net35\Twilio.Api.Net35.csproj]
c:\Users\Devin\Documents\GitHub\twilio-csharp\src\SimpleRestClient\StringExtensions.cs(125,9): warning CS1587: XML comment is not placed on a valid language element [C:\Users\Devin\Documents\GitHub\twilio-csharp\src\Twilio.Api.Net35\Twilio.Api.Net35.csproj]
c:\Users\Devin\Documents\GitHub\twilio-csharp\src\SimpleRestClient\StringExtensions.cs(242,9): warning CS1587: XML comment is not placed on a valid language element [C:\Users\Devin\Documents\GitHub\twilio-csharp\src\Twilio.Api.Net35\Twilio.Api.Net35.csproj]
c:\Users\Devin\Documents\GitHub\twilio-csharp\src\SimpleRestClient\StringExtensions.cs(369,9): warning CS1587: XML comment is not placed on a valid language element [C:\Users\Devin\Documents\GitHub\twilio-csharp\src\Twilio.Api.Net35\Twilio.Api.Net35.csproj]
  Twilio.Api.Net35 -> C:\Users\Devin\Documents\GitHub\twilio-csharp\src\Twilio.Api.Net35\bin\FX35\Twilio.Api.dll

C:\Users\Devin\Documents\GitHub\twilio-csharp>if not "0" == "0" goto failure 

C:\Users\Devin\Documents\GitHub\twilio-csharp>REM C:\WINDOWS\Microsoft.NET\Framework\v4.0.30319\msbuild src\Twilio.2013.sln /p:Configuration=PCL /p:Platform="Any CPU" /m /v:M /fl /flp:LogFile=msbuild.log;Verbosity=Normal /nr:true /p:BuildInParallel=true /p:RestorePackages=true /t:Rebuild 

C:\Users\Devin\Documents\GitHub\twilio-csharp>REM if not "0"=="0" goto failure 

C:\Users\Devin\Documents\GitHub\twilio-csharp>REM Unit tests 

C:\Users\Devin\Documents\GitHub\twilio-csharp>"" /v:Verbose src\SimpleRestClient.Tests\bin\ReleaseFX35\SimpleRestClient.Tests.dll 

C:\Users\Devin\Documents\GitHub\twilio-csharp>if not "9009" == "0" goto failure 

C:\Users\Devin\Documents\GitHub\twilio-csharp>REM use github status API to indicate commit compile success 

C:\Users\Devin\Documents\GitHub\twilio-csharp>REM exit -1 
